Starting RPC tunnel...
Starting Frontend tunnel...
your url is: https://sour-goat-72.loca.lt
your url is: https://average-octopus-13.loca.lt
/Users/reshav/.npm/_npx/75ac80b86e83d4a2/node_modules/localtunnel/bin/lt.js:81
    throw err;
    ^

Error: connection refused: localtunnel.me:9075 (check your firewall settings)
    at Socket.<anonymous> (/Users/reshav/.npm/_npx/75ac80b86e83d4a2/node_modules/localtunnel/lib/TunnelCluster.js:52:11)
    at Socket.emit (node:events:509:28)
    at emitErrorNT (node:internal/streams/destroy:170:8)
    at emitErrorCloseNT (node:internal/streams/destroy:129:3)
    at process.processTicksAndRejections (node:internal/process/task_queues:90:21)

Node.js v24.18.0
/Users/reshav/.npm/_npx/75ac80b86e83d4a2/node_modules/localtunnel/bin/lt.js:81
    throw err;
    ^

Error: connection refused: localtunnel.me:30935 (check your firewall settings)
    at Socket.<anonymous> (/Users/reshav/.npm/_npx/75ac80b86e83d4a2/node_modules/localtunnel/lib/TunnelCluster.js:52:11)
    at Socket.emit (node:events:509:28)
    at emitErrorNT (node:internal/streams/destroy:170:8)
    at emitErrorCloseNT (node:internal/streams/destroy:129:3)
    at process.processTicksAndRejections (node:internal/process/task_queues:90:21)

Node.js v24.18.0
/Users/reshav/agriguard-ai/start-tunnels.sh: line 11: kill: (24816) - No such process
/Users/reshav/agriguard-ai/start-tunnels.sh: line 12: kill: (24817) - No such process
Starting RPC tunnel...
Starting Frontend tunnel...
your url is: https://agriguard-rpc.loca.lt
your url is: https://agriguard-frontend.loca.lt
